GAMS 25.1.2  r67455 Released Aug  1, 2018 WEX-WEI x86 64bit/MS Windows - 11/30/18 15:54:25 Page 1
G e n e r a l   A l g e b r a i c   M o d e l i n g   S y s t e m
C o m p i l a t i o n


   1   
GAMS 25.1.2  r67455 Released Aug  1, 2018 WEX-WEI x86 64bit/MS Windows - 11/30/18 15:54:25 Page 2
Linear Program
C o m p i l a t i o n


   3   
   4   
   5   
   6  set j   /1*4/ , i /1*2/;
   7  Parameter b(i) / 1 80, 2 100/, c(j) / 1 -3, 2 -2 /;
   8   
   9  table a(i,j)
  10      1 2 3 4
  11  1   1 1 1 0
  12  2   2 1 0 1;
  13   
  14  Variable z; positive variable x(j);
  15  equations objfunc, constr(i);
  16  objfunc.. z =E= sum(j, c(j)*x(j));
  17  constr(i)..sum(j,a(i,j)*x(j)) =E= b(i);
  18   
  19  model linprogram / objfunc, constr/;
  20  solve linprogram using lp min z;
  21   


COMPILATION TIME     =        0.000 SECONDS      3 MB  25.1.2 r67455 WEX-WEI
GAMS 25.1.2  r67455 Released Aug  1, 2018 WEX-WEI x86 64bit/MS Windows - 11/30/18 15:54:25 Page 3
Linear Program
Equation Listing    SOLVE linprogram Using LP From line 20


---- objfunc  =E=  

objfunc..  z + 3*x(1) + 2*x(2) =E= 0 ; (LHS = 0)
     

---- constr  =E=  

constr(1)..  x(1) + x(2) + x(3) =E= 80 ; (LHS = 0, INFES = 80 ****)
     
constr(2)..  2*x(1) + x(2) + x(4) =E= 100 ; (LHS = 0, INFES = 100 ****)
     
GAMS 25.1.2  r67455 Released Aug  1, 2018 WEX-WEI x86 64bit/MS Windows - 11/30/18 15:54:25 Page 4
Linear Program
Column Listing      SOLVE linprogram Using LP From line 20


---- z  

z
                (.LO, .L, .UP, .M = -INF, 0, +INF, 0)
        1       objfunc


---- x  

x(1)
                (.LO, .L, .UP, .M = 0, 0, +INF, 0)
        3       objfunc
        1       constr(1)
        2       constr(2)

x(2)
                (.LO, .L, .UP, .M = 0, 0, +INF, 0)
        2       objfunc
        1       constr(1)
        1       constr(2)

x(3)
                (.LO, .L, .UP, .M = 0, 0, +INF, 0)
        1       constr(1)

REMAINING ENTRY SKIPPED
GAMS 25.1.2  r67455 Released Aug  1, 2018 WEX-WEI x86 64bit/MS Windows - 11/30/18 15:54:25 Page 5
Linear Program
Model Statistics    SOLVE linprogram Using LP From line 20


MODEL STATISTICS

BLOCKS OF EQUATIONS           2     SINGLE EQUATIONS            3
BLOCKS OF VARIABLES           2     SINGLE VARIABLES            5
NON ZERO ELEMENTS             9


GENERATION TIME      =        0.016 SECONDS      4 MB  25.1.2 r67455 WEX-WEI


EXECUTION TIME       =        0.016 SECONDS      4 MB  25.1.2 r67455 WEX-WEI
GAMS 25.1.2  r67455 Released Aug  1, 2018 WEX-WEI x86 64bit/MS Windows - 11/30/18 15:54:25 Page 6
Linear Program
Solution Report     SOLVE linprogram Using LP From line 20


               S O L V E      S U M M A R Y

     MODEL   linprogram          OBJECTIVE  z
     TYPE    LP                  DIRECTION  MINIMIZE
     SOLVER  CPLEX               FROM LINE  20

**** SOLVER STATUS     1 Normal Completion         
**** MODEL STATUS      1 Optimal                   
**** OBJECTIVE VALUE             -180.0000

 RESOURCE USAGE, LIMIT          0.000      1000.000
 ITERATION COUNT, LIMIT         2    2000000000

IBM ILOG CPLEX   25.1.2 r67455 Released Aug  1, 2018 WEI x86 64bit/MS Windows 
Cplex 12.8.0.0

Space for names approximately 0.00 Mb
Use option 'names no' to turn use of names off
LP status(1): optimal
Cplex Time: 0.00sec (det. 0.00 ticks)
Optimal solution found.
Objective :        -180.000000


                           LOWER          LEVEL          UPPER         MARGINAL

---- EQU objfunc             .              .              .             1.0000      

---- EQU constr  

         LOWER          LEVEL          UPPER         MARGINAL

1        80.0000        80.0000        80.0000        -1.0000      
2       100.0000       100.0000       100.0000        -1.0000      

                           LOWER          LEVEL          UPPER         MARGINAL

---- VAR z                 -INF         -180.0000        +INF             .          

---- VAR x  

         LOWER          LEVEL          UPPER         MARGINAL

1          .            20.0000        +INF             .          
2          .            60.0000        +INF             .          
3          .              .            +INF            1.0000      
4          .              .            +INF            1.0000      


**** REPORT SUMMARY :        0     NONOPT
                             0 INFEASIBLE
                             0  UNBOUNDED


EXECUTION TIME       =        0.000 SECONDS      2 MB  25.1.2 r67455 WEX-WEI


USER: GAMS Development Corporation, USA              G871201/0000CA-ANY
      Free Demo, +1 202-342-0180, support@gams.com, www.gams.com DC0000


**** FILE SUMMARY

Input      P:\student\9omp\Teng\linprogram.gms
Output     P:\student\9omp\Teng\linprogram.lst
